{"count":2,"level":"info","limit":10,"message":"Events fetched successfully","page":1,"service":"better-kaduna-next","timestamp":"2025-09-08T06:00:22.357Z"}
{"count":2,"level":"info","limit":10,"message":"Posts fetched successfully","page":1,"service":"better-kaduna-next","timestamp":"2025-09-08T06:00:23.095Z"}
{"count":2,"level":"info","limit":10,"message":"Events fetched successfully","page":1,"service":"better-kaduna-next","timestamp":"2025-09-08T06:02:07.453Z"}
{"count":2,"level":"info","limit":10,"message":"Posts fetched successfully","page":1,"service":"better-kaduna-next","timestamp":"2025-09-08T06:02:07.488Z"}
{"count":1,"level":"info","limit":10,"message":"MDAs fetched successfully","page":1,"service":"better-kaduna-next","timestamp":"2025-09-08T06:02:15.781Z"}
{"count":1,"level":"info","limit":10,"message":"MDAs fetched successfully","page":1,"service":"better-kaduna-next","timestamp":"2025-09-08T06:02:16.199Z"}
{"count":1,"level":"info","limit":10,"message":"MDAs fetched successfully","page":1,"service":"better-kaduna-next","timestamp":"2025-09-08T06:02:16.656Z"}
{"count":1,"level":"info","limit":10,"message":"MDAs fetched successfully","page":1,"service":"better-kaduna-next","timestamp":"2025-09-08T06:02:20.435Z"}
{"count":1,"level":"info","limit":10,"message":"MDAs fetched successfully","page":1,"service":"better-kaduna-next","timestamp":"2025-09-08T06:02:25.196Z"}
{"count":2,"level":"info","limit":10,"message":"Posts fetched successfully","page":1,"service":"better-kaduna-next","timestamp":"2025-09-08T06:02:46.254Z"}
{"count":2,"level":"info","limit":10,"message":"Events fetched successfully","page":1,"service":"better-kaduna-next","timestamp":"2025-09-08T06:02:46.270Z"}
{"count":2,"level":"info","limit":10,"message":"Events fetched successfully","page":1,"service":"better-kaduna-next","timestamp":"2025-09-08T06:02:46.675Z"}
{"count":2,"level":"info","limit":10,"message":"Posts fetched successfully","page":1,"service":"better-kaduna-next","timestamp":"2025-09-08T06:02:46.685Z"}
{"count":2,"level":"info","limit":10,"message":"Posts fetched successfully","page":1,"service":"better-kaduna-next","timestamp":"2025-09-08T06:02:47.108Z"}
{"count":2,"level":"info","limit":10,"message":"Events fetched successfully","page":1,"service":"better-kaduna-next","timestamp":"2025-09-08T06:02:47.114Z"}
{"count":2,"level":"info","limit":10,"message":"Posts fetched successfully","page":1,"service":"better-kaduna-next","timestamp":"2025-09-08T06:02:47.981Z"}
{"email":"aalamin730@gmail.com","level":"info","message":"User logged in successfully","service":"better-kaduna-next","timestamp":"2025-09-08T06:03:35.983Z","userId":"b6c2bbd9-6263-4fe0-b688-7dfeffd302a3"}
{"count":2,"level":"info","limit":10,"message":"Events fetched successfully","page":1,"service":"better-kaduna-next","timestamp":"2025-09-08T06:03:37.082Z"}
{"count":1,"level":"info","limit":10,"message":"MDAs fetched successfully","page":1,"service":"better-kaduna-next","timestamp":"2025-09-08T06:03:37.347Z"}
{"count":2,"level":"info","limit":10,"message":"Events fetched successfully","page":1,"service":"better-kaduna-next","timestamp":"2025-09-08T06:03:37.468Z"}
{"count":1,"level":"info","limit":10,"message":"MDAs fetched successfully","page":1,"service":"better-kaduna-next","timestamp":"2025-09-08T06:03:37.740Z"}
{"count":2,"level":"info","limit":10,"message":"Posts fetched successfully","page":1,"service":"better-kaduna-next","timestamp":"2025-09-08T06:03:37.950Z"}
{"count":2,"level":"info","message":"Users fetched successfully","service":"better-kaduna-next","timestamp":"2025-09-08T06:03:38.054Z"}
{"count":2,"level":"info","limit":10,"message":"Posts fetched successfully","page":1,"service":"better-kaduna-next","timestamp":"2025-09-08T06:03:38.481Z"}
{"count":2,"level":"info","message":"Users fetched successfully","service":"better-kaduna-next","timestamp":"2025-09-08T06:03:38.580Z"}
{"eventId":"68d30e2c-e477-42a5-882d-a09d332a3c1c","level":"info","message":"Event deleted successfully","service":"better-kaduna-next","timestamp":"2025-09-08T06:03:48.993Z"}
{"eventId":"4d3c907f-3c4c-43cc-93df-a7d90df5c48c","level":"info","message":"Event deleted successfully","service":"better-kaduna-next","timestamp":"2025-09-08T06:03:51.701Z"}
{"count":2,"level":"info","message":"Users fetched successfully","service":"better-kaduna-next","timestamp":"2025-09-08T06:04:01.216Z"}
{"level":"info","message":"User updated successfully","service":"better-kaduna-next","timestamp":"2025-09-08T06:04:09.272Z","userId":"900b8867-5240-420c-8656-6b9776384e51"}
